vite v8.0.16 building client environment for production...
[2Ktransforming...